// Jest Snapshot v1, https://goo.gl/fbAQLP

exports[`withUserAnswer render correctly 1`] = `<div />`;
