// Jest Snapshot v1, https://goo.gl/fbAQLP

exports[`withAudio render correctly 1`] = `<audio />`;
